------------------------------------------------------------
TimeQuest Timing Analyzer Summary
------------------------------------------------------------

Type  : Slow 1200mV 85C Model Setup 'pll0|altpll_component|auto_generated|pll1|clk[1]'
Slack : 21.881
TNS   : 0.000

Type  : Slow 1200mV 85C Model Setup 'pll0|altpll_component|auto_generated|pll1|clk[2]'
Slack : 43.043
TNS   : 0.000

Type  : Slow 1200mV 85C Model Setup 'pll0|altpll_component|auto_generated|pll1|clk[0]'
Slack : 43.381
TNS   : 0.000

Type  : Slow 1200mV 85C Model Hold 'pll0|altpll_component|auto_generated|pll1|clk[0]'
Slack : 0.359
TNS   : 0.000

Type  : Slow 1200mV 85C Model Hold 'pll0|altpll_component|auto_generated|pll1|clk[2]'
Slack : 50.279
TNS   : 0.000

Type  : Slow 1200mV 85C Model Hold 'pll0|altpll_component|auto_generated|pll1|clk[1]'
Slack : 75.238
TNS   : 0.000

Type  : Slow 1200mV 85C Model Recovery 'pll0|altpll_component|auto_generated|pll1|clk[0]'
Slack : 69.287
TNS   : 0.000

Type  : Slow 1200mV 85C Model Removal 'pll0|altpll_component|auto_generated|pll1|clk[0]'
Slack : 1.750
TNS   : 0.000

Type  : Slow 1200mV 85C Model Minimum Pulse Width 'CLOCK_50'
Slack : 9.740
TNS   : 0.000

Type  : Slow 1200mV 85C Model Minimum Pulse Width 'pll0|altpll_component|auto_generated|pll1|clk[1]'
Slack : 49.735
TNS   : 0.000

Type  : Slow 1200mV 85C Model Minimum Pulse Width 'pll0|altpll_component|auto_generated|pll1|clk[2]'
Slack : 49.746
TNS   : 0.000

Type  : Slow 1200mV 85C Model Minimum Pulse Width 'pll0|altpll_component|auto_generated|pll1|clk[0]'
Slack : 49.754
TNS   : 0.000

Type  : Slow 1200mV 0C Model Setup 'pll0|altpll_component|auto_generated|pll1|clk[1]'
Slack : 22.168
TNS   : 0.000

Type  : Slow 1200mV 0C Model Setup 'pll0|altpll_component|auto_generated|pll1|clk[2]'
Slack : 43.675
TNS   : 0.000

Type  : Slow 1200mV 0C Model Setup 'pll0|altpll_component|auto_generated|pll1|clk[0]'
Slack : 44.096
TNS   : 0.000

Type  : Slow 1200mV 0C Model Hold 'pll0|altpll_component|auto_generated|pll1|clk[0]'
Slack : 0.312
TNS   : 0.000

Type  : Slow 1200mV 0C Model Hold 'pll0|altpll_component|auto_generated|pll1|clk[2]'
Slack : 50.286
TNS   : 0.000

Type  : Slow 1200mV 0C Model Hold 'pll0|altpll_component|auto_generated|pll1|clk[1]'
Slack : 75.233
TNS   : 0.000

Type  : Slow 1200mV 0C Model Recovery 'pll0|altpll_component|auto_generated|pll1|clk[0]'
Slack : 72.557
TNS   : 0.000

Type  : Slow 1200mV 0C Model Removal 'pll0|altpll_component|auto_generated|pll1|clk[0]'
Slack : 1.586
TNS   : 0.000

Type  : Slow 1200mV 0C Model Minimum Pulse Width 'CLOCK_50'
Slack : 9.713
TNS   : 0.000

Type  : Slow 1200mV 0C Model Minimum Pulse Width 'pll0|altpll_component|auto_generated|pll1|clk[1]'
Slack : 49.741
TNS   : 0.000

Type  : Slow 1200mV 0C Model Minimum Pulse Width 'pll0|altpll_component|auto_generated|pll1|clk[0]'
Slack : 49.747
TNS   : 0.000

Type  : Slow 1200mV 0C Model Minimum Pulse Width 'pll0|altpll_component|auto_generated|pll1|clk[2]'
Slack : 49.749
TNS   : 0.000

Type  : Fast 1200mV 0C Model Setup 'pll0|altpll_component|auto_generated|pll1|clk[1]'
Slack : 23.060
TNS   : 0.000

Type  : Fast 1200mV 0C Model Setup 'pll0|altpll_component|auto_generated|pll1|clk[2]'
Slack : 46.002
TNS   : 0.000

Type  : Fast 1200mV 0C Model Setup 'pll0|altpll_component|auto_generated|pll1|clk[0]'
Slack : 46.390
TNS   : 0.000

Type  : Fast 1200mV 0C Model Hold 'pll0|altpll_component|auto_generated|pll1|clk[0]'
Slack : 0.188
TNS   : 0.000

Type  : Fast 1200mV 0C Model Hold 'pll0|altpll_component|auto_generated|pll1|clk[2]'
Slack : 50.127
TNS   : 0.000

Type  : Fast 1200mV 0C Model Hold 'pll0|altpll_component|auto_generated|pll1|clk[1]'
Slack : 75.104
TNS   : 0.000

Type  : Fast 1200mV 0C Model Recovery 'pll0|altpll_component|auto_generated|pll1|clk[0]'
Slack : 82.068
TNS   : 0.000

Type  : Fast 1200mV 0C Model Removal 'pll0|altpll_component|auto_generated|pll1|clk[0]'
Slack : 0.961
TNS   : 0.000

Type  : Fast 1200mV 0C Model Minimum Pulse Width 'CLOCK_50'
Slack : 9.425
TNS   : 0.000

Type  : Fast 1200mV 0C Model Minimum Pulse Width 'pll0|altpll_component|auto_generated|pll1|clk[1]'
Slack : 49.748
TNS   : 0.000

Type  : Fast 1200mV 0C Model Minimum Pulse Width 'pll0|altpll_component|auto_generated|pll1|clk[2]'
Slack : 49.751
TNS   : 0.000

Type  : Fast 1200mV 0C Model Minimum Pulse Width 'pll0|altpll_component|auto_generated|pll1|clk[0]'
Slack : 49.785
TNS   : 0.000

------------------------------------------------------------
